<html>
<body>
<pre>
<h1>礦ision Build Log</h1>
<h2>Tool Versions:</h2>
IDE-Version: μVision V5.30.0.0
Copyright (C) 2020 ARM Ltd and ARM Germany GmbH. All rights reserved.
License Information: sushizhou 3051605203@qq.com, sushizhou, LIC=VGXG8-3QEPV-ARJXW-QTWH3-8BHKA-H5EDV
 
Tool Versions:
Toolchain:       MDK-ARM Plus  Version: 5.30.0.0
Toolchain Path:  E:\IDE\Keil\ARM\ARMCC\Bin
C Compiler:      Armcc.exe V5.06 update 6 (build 750)
Assembler:       Armasm.exe V5.06 update 6 (build 750)
Linker/Locator:  ArmLink.exe V5.06 update 6 (build 750)
Library Manager: ArmAr.exe V5.06 update 6 (build 750)
Hex Converter:   FromElf.exe V5.06 update 6 (build 750)
CPU DLL:         SARMCM3.DLL V5.30.0.0
Dialog DLL:      DCM.DLL V1.17.3.0
Target DLL:      STLink\ST-LINKIII-KEIL_SWO.dll V3.0.7.0
Dialog DLL:      TCM.DLL V1.42.0.0
 
<h2>Project:</h2>
E:\nodeanddata\MCU_project\STM32F103RCT6\Su_STM32F103RCT6_Opensource_Library\MDK-ARM\Su_STM32F103RCT6_Opensource_Library.uvprojx
Project File Date:  12/03/2023

<h2>Output:</h2>
*** Using Compiler 'V5.06 update 6 (build 750)', folder: 'E:\IDE\Keil\ARM\ARMCC\Bin'
Build target 'Su_STM32F103RCT6_Opensource_Library'
compiling main.c...
compiling su_driver_soft_iic.c...
compiling su_device_oled.c...
..\libraries\sushizhou_device\su_device_oled.c(44): warning:  #223-D: function "IIC_Send_Byte" declared implicitly
      IIC_Send_Byte(0x78);//OLED地址
..\libraries\sushizhou_device\su_device_oled.c(56): warning:  #223-D: function "IIC_Send_Byte" declared implicitly
      IIC_Send_Byte(0x78);//OLED地址
..\libraries\sushizhou_device\su_device_oled.c(179): warning:  #167-D: argument of type "int8_t *" is incompatible with parameter of type "char *restrict"
      if(0>dat)   length = (uint32_t)sprintf(&buff[0],"%f",dat);//负数
..\libraries\sushizhou_device\su_device_oled.c(182): warning:  #167-D: argument of type "int8_t *" is incompatible with parameter of type "char *restrict"
          length = (uint32_t)sprintf( &buff[1],"%f",dat);
..\libraries\sushizhou_device\su_device_oled.c(200): warning:  #167-D: argument of type "int8_t *" is incompatible with parameter of type "uint8_t *"
  	OLED_ShowStr(x,y,buff,size);//显示数字
..\libraries\sushizhou_device\su_device_oled.c(246): warning:  #223-D: function "IIC_Send_Byte" declared implicitly
  		IIC_Send_Byte(0x78);			//D/C#=0; R/W#=0
..\libraries\sushizhou_device\su_device_oled.c(275): warning:  #223-D: function "IIC_Send_Byte" declared implicitly
  		IIC_Send_Byte(0x78);			//D/C#=0; R/W#=0
..\libraries\sushizhou_device\su_device_oled.c(325): warning:  #223-D: function "IIC_Send_Byte" declared implicitly
  		IIC_Send_Byte(0x78);			//D/C#=0; R/W#=0
..\libraries\sushizhou_device\su_device_oled.c: 8 warnings, 0 errors
linking...
Program Size: Code=6146 RO-data=2478 RW-data=16 ZI-data=1384  
FromELF: creating hex file...
"Su_STM32F103RCT6_Opensource_Library\Su_STM32F103RCT6_Opensource_Library.axf" - 0 Error(s), 8 Warning(s).

<h2>Software Packages used:</h2>

Package Vendor: ARM
                http://www.keil.com/pack/ARM.CMSIS.5.7.0.pack
                ARM.CMSIS.5.7.0
                CMSIS (Cortex Microcontroller Software Interface Standard)
   * Component: CORE Version: 5.4.0

Package Vendor: Keil
                http://www.keil.com/pack/Keil.STM32F1xx_DFP.1.1.0.pack
                Keil.STM32F1xx_DFP.1.1.0
                STMicroelectronics STM32F1 Series Device Support, Drivers and Examples

<h2>Collection of Component include folders:</h2>
  .\RTE\_Su_STM32F103RCT6_Opensource_Library
  E:\IDE\Keil\ARM\CMSIS\5.7.0\CMSIS\Core\Include
  E:\IDE\Keil\Keil\STM32F1xx_DFP\1.1.0\Device\Include

<h2>Collection of Component Files used:</h2>

   * Component: ARM::CMSIS:CORE:5.4.0
      Include file:  CMSIS\Core\Include\tz_context.h
Build Time Elapsed:  00:00:03
</pre>
</body>
</html>
