<html>
<body>
<pre>
<h1>礦ision Build Log</h1>
<h2>Tool Versions:</h2>
IDE-Version: μVision V5.30.0.0
Copyright (C) 2020 ARM Ltd and ARM Germany GmbH. All rights reserved.
License Information: su shizhou, 3051605803, LIC=21E4T-RMSLQ-GKBBG-VUX9B-LK2DB-X2BEI
 
Tool Versions:
Toolchain:       MDK-ARM Plus  Version: 5.30.0.0
Toolchain Path:  E:\IDE\keil\ARM\ARMCC\Bin
C Compiler:      Armcc.exe V5.06 update 6 (build 750)
Assembler:       Armasm.exe V5.06 update 6 (build 750)
Linker/Locator:  ArmLink.exe V5.06 update 6 (build 750)
Library Manager: ArmAr.exe V5.06 update 6 (build 750)
Hex Converter:   FromElf.exe V5.06 update 6 (build 750)
CPU DLL:         SARMCM3.DLL V5.30.0.0
Dialog DLL:      DCM.DLL V1.17.3.0
Target DLL:      CMSIS_AGDI.dll V1.32.5.0
Dialog DLL:      TCM.DLL V1.42.0.0
 
<h2>Project:</h2>
e:\nodeanddata\MCU_project\MDK\IIC\OLED\MDK-ARM\OLED.uvprojx
Project File Date:  07/26/2022

<h2>Output:</h2>
*** Using Compiler 'V5.06 update 6 (build 750)', folder: 'E:\IDE\keil\ARM\ARMCC\Bin'
Build target 'OLED'
compiling oled.c...
..\HardWare\OLED\oled.c(179): warning:  #167-D: argument of type "int8_t *" is incompatible with parameter of type "char *restrict"
      if(0>dat)   length = (uint32_t)sprintf(&buff[0],"%f",dat);//负数
..\HardWare\OLED\oled.c(182): warning:  #167-D: argument of type "int8_t *" is incompatible with parameter of type "char *restrict"
          length = (uint32_t)sprintf( &buff[1],"%f",dat);
..\HardWare\OLED\oled.c(200): warning:  #167-D: argument of type "int8_t *" is incompatible with parameter of type "uint8_t *"
  	OLED_ShowStr(x,y,buff,size);//显示数字
..\HardWare\OLED\oled.c: 3 warnings, 0 errors
linking...
Program Size: Code=3454 RO-data=2382 RW-data=20 ZI-data=1636  
FromELF: creating hex file...
"OLED\OLED.axf" - 0 Error(s), 3 Warning(s).

<h2>Software Packages used:</h2>

Package Vendor: ARM
                http://www.keil.com/pack/ARM.CMSIS.5.7.0.pack
                ARM.CMSIS.5.7.0
                CMSIS (Cortex Microcontroller Software Interface Standard)
   * Component: CORE Version: 5.4.0

Package Vendor: Keil
                http://www.keil.com/pack/Keil.STM32F1xx_DFP.1.1.0.pack
                Keil.STM32F1xx_DFP.1.1.0
                STMicroelectronics STM32F1 Series Device Support, Drivers and Examples

<h2>Collection of Component include folders:</h2>
  .\RTE\_OLED
  E:\IDE\keil\ARM\PACK\ARM\CMSIS\5.7.0\CMSIS\Core\Include
  E:\IDE\keil\ARM\PACK\Keil\STM32F1xx_DFP\1.1.0\Device\Include

<h2>Collection of Component Files used:</h2>

   * Component: ARM::CMSIS:CORE:5.4.0
      Include file:  CMSIS\Core\Include\tz_context.h
Build Time Elapsed:  00:00:01
</pre>
</body>
</html>
