<html>
<body>
<pre>
<h1>µVision Build Log</h1>
<h2>Tool Versions:</h2>
IDE-Version: ¦ÌVision V5.30.0.0
Copyright (C) 2020 ARM Ltd and ARM Germany GmbH. All rights reserved.
License Information: su shizhou, 3051605803, LIC=21E4T-RMSLQ-GKBBG-VUX9B-LK2DB-X2BEI
 
Tool Versions:
Toolchain:       MDK-ARM Plus  Version: 5.30.0.0
Toolchain Path:  E:\IDE\keil\ARM\ARMCC\Bin
C Compiler:      Armcc.exe V5.06 update 6 (build 750)
Assembler:       Armasm.exe V5.06 update 6 (build 750)
Linker/Locator:  ArmLink.exe V5.06 update 6 (build 750)
Library Manager: ArmAr.exe V5.06 update 6 (build 750)
Hex Converter:   FromElf.exe V5.06 update 6 (build 750)
CPU DLL:         SARMCM3.DLL V5.30.0.0
Dialog DLL:      DCM.DLL V1.17.3.0
Target DLL:      STLink\ST-LINKIII-KEIL_SWO.dll V3.0.7.0
Dialog DLL:      TCM.DLL V1.42.0.0
 
<h2>Project:</h2>
E:\nodeanddata\MCU_project\MDK\PWM\AirRemote\MDK-ARM\AirRemote.uvprojx
Project File Date:  05/12/2022

<h2>Output:</h2>
*** Using Compiler 'V5.06 update 6 (build 750)', folder: 'E:\IDE\keil\ARM\ARMCC\Bin'
Build target 'AirRemote'
compiling AirCodeAndSend.c...
..\HardWare\Remote\AirCodeAndSend.c(77): warning:  #69-D: integer conversion resulted in truncation
    Send_Code(~0xB2);
..\HardWare\Remote\AirCodeAndSend.c(86): warning:  #69-D: integer conversion resulted in truncation
    Send_Code(~0xB2);
..\HardWare\Remote\AirCodeAndSend.c: 2 warnings, 0 errors
linking...
Program Size: Code=4716 RO-data=292 RW-data=16 ZI-data=10480  
FromELF: creating hex file...
"AirRemote\AirRemote.axf" - 0 Error(s), 2 Warning(s).

<h2>Software Packages used:</h2>

Package Vendor: ARM
                http://www.keil.com/pack/ARM.CMSIS.5.7.0.pack
                ARM.CMSIS.5.7.0
                CMSIS (Cortex Microcontroller Software Interface Standard)
   * Component: CORE Version: 5.4.0

Package Vendor: Keil
                http://www.keil.com/pack/Keil.STM32F1xx_DFP.1.1.0.pack
                Keil.STM32F1xx_DFP.1.1.0
                STMicroelectronics STM32F1 Series Device Support, Drivers and Examples

<h2>Collection of Component include folders:</h2>
  .\RTE\_AirRemote
  E:\IDE\keil\ARM\PACK\ARM\CMSIS\5.7.0\CMSIS\Core\Include
  E:\IDE\keil\ARM\PACK\Keil\STM32F1xx_DFP\1.1.0\Device\Include

<h2>Collection of Component Files used:</h2>

   * Component: ARM::CMSIS:CORE:5.4.0
      Include file:  CMSIS\Core\Include\tz_context.h
Build Time Elapsed:  00:00:01
</pre>
</body>
</html>
